{
  "ok": true,
  "milestone": "P18-TH1-SP1",
  "TH1": {
    "status": "PASS",
    "probes": [
      {
        "id": "TH1-ZETA-5-PEAK",
        "actual": 200.78279833386193,
        "reference": 200.78620883211786,
        "errorPct": -0.0016985719665551903,
        "unit": "mm",
        "tolerance": {
          "type": "relative-pct",
          "value": 0.01
        },
        "passed": true
      },
      {
        "id": "TH1-ZETA-0-PEAK",
        "actual": 397.85533424512755,
        "reference": 397.87457472077995,
        "errorPct": -0.004835814318092122,
        "unit": "mm",
        "tolerance": {
          "type": "relative-pct",
          "value": 0.01
        },
        "passed": true
      },
      {
        "id": "TH1-ZETA-0-ORDER",
        "actual": 2.057717527653024,
        "reference": 2,
        "unit": "order",
        "tolerance": {
          "type": "minimum",
          "value": 1.95
        },
        "passed": true
      },
      {
        "id": "TH1-ZETA-0.05-ORDER",
        "actual": 2.1812519799107872,
        "reference": 2,
        "unit": "order",
        "tolerance": {
          "type": "minimum",
          "value": 1.95
        },
        "passed": true
      }
    ],
    "engineeringHash": "557d6711876dd844d00228fa991fa844277c34c8cde45880cd6693af85ffb7fe"
  },
  "SP1": {
    "status": "PASS",
    "probes": [
      {
        "id": "SP1-PREPEAK-SELF-CONSISTENCY",
        "actual": -0.01776645655614418,
        "reference": 0,
        "unit": "%",
        "tolerance": {
          "type": "absolute",
          "value": 1
        },
        "passed": true
      },
      {
        "id": "SP1-LOAD-TARGET",
        "actual": 76,
        "reference": 76,
        "unit": "kip",
        "tolerance": {
          "type": "relative-pct",
          "value": 1
        },
        "passed": true
      },
      {
        "id": "SP1-HARDENING-REACHED",
        "actual": 1831.1586359048652,
        "reference": 1440,
        "unit": "kip-in",
        "tolerance": {
          "type": "minimum",
          "value": 1440
        },
        "passed": true
      },
      {
        "id": "SP1-MOMENT-EQUILIBRIUM",
        "actual": 0.392469073731642,
        "reference": 0,
        "unit": "%",
        "tolerance": {
          "type": "absolute",
          "value": 1
        },
        "passed": true
      }
    ],
    "engineeringHash": "6acd150984779e94e9cb49630197e4df6e8a8f9cb988e6945d09973888b750f0"
  }
}


