{
  "ok": true,
  "milestone": "P18-MODAL-STABILIZATION",
  "summary": {
    "SM6": {
      "status": "PASS",
      "probeCount": 8,
      "engineeringHash": "cabf3f30f60a83db068b9d6122524125e3f7fa68498d8fe911e823ced0364451"
    },
    "SM5b": {
      "status": "PASS",
      "probeCount": 6,
      "engineeringHash": "db85729e88c7b19e50cfdbd2f00ae88dd11aa661b8786fcfaf2c06e6c3ca69a1"
    },
    "P3S2": {
      "status": "PASS",
      "probeCount": 5,
      "engineeringHash": "5311b34c14e951b7facf8fcdac774ea1d558f5547ea897d9dc4ee04497253f37"
    }
  }
}


